/* --- Design System & Variables --- */
:root {
    --font-family: 'Poppins', sans-serif;
    --primary-color: #0099FF;
    --secondary-color: #f4f4f4;
    --dark-color: #333;
    --light-color: #fff;
    --text-color: #555;
    --max-width: 1200px;
    --border-radius: 8px;
    --box-shadow: 0 4px 15px rgba(0, 0, 0, 0.1);
    --transition: all 0.3s ease-in-out;

    /* Dark Mode Variables */
    --dark-mode-bg: #1a1a1a;
    --dark-mode-text: #f0f0f0;
    --dark-mode-card-bg: #2c2c2c;
    --dark-mode-border: #444;
}

/* --- General & Reset --- */
* {
    box-sizing: border-box;
    margin: 0;
    padding: 0;
}

body {
    font-family: var(--font-family);
    line-height: 1.6;
    background: var(--light-color);
    color: var(--text-color);
    transition: background 0.3s ease, color 0.3s ease;
}

.container {
    max-width: var(--max-width);
    margin: 0 auto;
    padding: 0 20px;
}

h1, h2, h3 {
    color: var(--dark-color);
    margin-bottom: 1rem;
}

h1 { font-size: 2.8rem; }
h2 { font-size: 2rem; text-align: center; margin-bottom: 2rem; }

a {
    text-decoration: none;
    color: var(--primary-color);
}

/* --- Header --- */
#main-header {
    background: transparent;
    position: sticky;
    top: 0;
    width: 100%;
    z-index: 100;
    transition: var(--transition);
}

#main-header.scrolled {
    background: var(--light-color);
    box-shadow: var(--box-shadow);
}

#main-header .container {
    display: flex;
    justify-content: space-between;
    align-items: center;
    height: 80px;
}

.logo a {
    font-size: 1.5rem;
    font-weight: 700;
    color: var(--dark-color);
}

.nav-desktop ul {
    display: flex;
    list-style: none;
}

.nav-desktop ul li {
    margin: 0 15px;
}

.nav-desktop ul li a {
    color: var(--text-color);
    font-weight: 600;
    transition: var(--transition);
}

.nav-desktop ul li a:hover {
    color: var(--primary-color);
}

.btn {
    padding: 10px 20px;
    border-radius: var(--border-radius);
    font-weight: 600;
    transition: var(--transition);
    display: inline-block;
}

.btn-primary {
    background: var(--primary-color);
    color: var(--light-color);
    border: 1px solid var(--primary-color);
}

.btn-primary:hover {
    background: #0077cc;
}

.btn-secondary {
    background: var(--secondary-color);
    color: var(--dark-color);
    border: 1px solid #ddd;
}

.btn-outline {
    background: transparent;
    color: var(--dark-color);
    border: 2px solid var(--dark-color);
}

.btn-outline:hover {
    background: var(--dark-color);
    color: var(--light-color);
}

.menu-toggle {
    display: none; 
}

.side-menu {
    display: none; /* Hidden by default on desktop */
}





/* --- Hero Section --- */
#hero {
    padding: 60px 0;
}

#hero .grid {
    display: grid;
    grid-template-columns: 3fr 2fr;
    align-items: center;
    gap: 40px;
}

.hero-text p {
    margin-bottom: 2rem;
    font-size: 1.1rem;
}

.hero-buttons .btn {
    margin-right: 10px;
}

.hero-visual {
    text-align: center;
}

.hero-image-showcase {
    background: var(--light-color);
    border-radius: var(--border-radius);
    box-shadow: var(--box-shadow);
    overflow: hidden;
    transition: var(--transition);
}

.hero-image-showcase:hover {
    transform: translateY(-10px);
}

.hero-image-showcase img {
    width: 100%;
    height: auto;
    display: block;
}

.hero-image-caption {
    padding: 20px;
}

.hero-image-caption h4 {
    font-size: 1.2rem;
    color: var(--dark-color);
    margin-bottom: 0.5rem;
}

.hero-image-caption p {
    font-size: 1rem;
    color: var(--text-color);
}


/* --- Features Section --- */
#features {
    padding: 60px 0;
}

.grid-features {
    display: grid;
    grid-template-columns: repeat(4, 1fr);
    gap: 30px;
}

.card {
    background: var(--light-color);
    padding: 30px;
    border-radius: var(--border-radius);
    box-shadow: var(--box-shadow);
    text-align: center;
    transition: var(--transition);
}

.card:hover {
    transform: translateY(-10px);
}

.card-icon {
    font-size: 2.5rem;
    margin-bottom: 1rem;
    color: var(--primary-color);
}

/* --- Categories Section --- */
#categories {
    padding: 40px 0;
}

.category-tags {
    display: flex;
    flex-wrap: wrap;
    justify-content: center;
    gap: 15px;
}

.category-tags span {
    background: var(--secondary-color);
    padding: 10px 20px;
    border-radius: 20px;
    font-weight: 600;
    cursor: pointer;
    transition: var(--transition);
}

.category-tags span:hover {
    background: var(--primary-color);
    color: var(--light-color);
    transform: translateY(-5px);
}

/* --- Final CTA Section --- */
#final-cta {
    background: linear-gradient(45deg, var(--primary-color), #0077cc);
    padding: 80px 0;
    text-align: center;
    color: var(--light-color);
}

#final-cta h2 {
    color: var(--light-color);
}

/* --- Footer --- */
footer {
    background: var(--dark-color);
    color: var(--light-color);
    padding: 40px 0;
}

.footer-content {
    display: flex;
    justify-content: space-between;
    align-items: center;
}

.footer-content .logo {
    color: var(--light-color);
}

.footer-links a {
    color: var(--light-color);
    margin: 0 10px;
}

.social-icons span {
    margin: 0 5px;
    cursor: pointer;
}

/* --- Auth Form --- */
#auth-form {
    padding: 60px 0;
    display: flex;
    justify-content: center;
    align-items: center;
    min-height: calc(100vh - 160px); /* Full height minus header/footer */
}

.form-container {
    background: var(--light-color);
    padding: 40px;
    border-radius: var(--border-radius);
    box-shadow: var(--box-shadow);
    width: 100%;
    max-width: 450px;
    text-align: center;
}

.form-container h2 {
    margin-bottom: 0.5rem;
}

.form-container p {
    margin-bottom: 2rem;
    color: var(--text-color);
}

.form-group {
    margin-bottom: 1.5rem;
    text-align: left;
}

.form-group label {
    display: block;
    margin-bottom: 5px;
    font-weight: 600;
    color: var(--dark-color);
}

.form-group input {
    width: 100%;
    padding: 12px;
    border: 1px solid #ddd;
    border-radius: var(--border-radius);
    font-family: var(--font-family);
    font-size: 1rem;
}

.btn-full {
    width: 100%;
    padding: 15px;
    font-size: 1.1rem;
}

.form-footer {
    margin-top: 2rem;
}

.form-footer p {
    margin: 0;
}

/* --- Dark Mode Styles --- */
body.dark-mode {
    background: var(--dark-mode-bg);
    color: var(--dark-mode-text);
}

body.dark-mode h1,
body.dark-mode h2,
body.dark-mode h3,
body.dark-mode .logo a,
body.dark-mode .nav-desktop ul li a,
body.dark-mode .btn-secondary,
body.dark-mode .btn-outline {
    color: var(--dark-mode-text);
}

body.dark-mode #main-header.scrolled {
    background: var(--dark-mode-bg);
    box-shadow: 0 4px 15px rgba(255, 255, 255, 0.1);
}

body.dark-mode .card {
    background: var(--dark-mode-card-bg);
    box-shadow: 0 4px 15px rgba(255, 255, 255, 0.1);
}

body.dark-mode .category-tags span {
    background: var(--dark-mode-card-bg);
    color: var(--dark-mode-text);
}

body.dark-mode .category-tags span:hover {
    background: var(--primary-color);
    color: var(--light-color);
}

body.dark-mode #final-cta {
    background: var(--dark-mode-card-bg);
}

body.dark-mode footer {
    background: #000;
}

body.dark-mode .form-container {
    background: var(--dark-mode-card-bg);
    box-shadow: 0 4px 15px rgba(255, 255, 255, 0.1);
}

body.dark-mode .form-group label {
    color: var(--dark-mode-text);
}

body.dark-mode .form-group input {
    background: #333;
    border: 1px solid var(--dark-mode-border);
    color: var(--dark-mode-text);
}

/* --- Dark Mode Toggle Switch --- */
.dark-mode-toggle {
    display: flex;
    align-items: center;
    gap: 10px;
    padding: 1rem;
    border-top: 1px solid #eee;
    margin-top: 1rem;
    justify-content: center;
}

.switch {
    position: relative;
    display: inline-block;
    width: 40px;
    height: 20px;
}

.switch input {
    opacity: 0;
    width: 0;
    height: 0;
}

.slider {
    position: absolute;
    cursor: pointer;
    top: 0;
    left: 0;
    right: 0;
    bottom: 0;
    background-color: #ccc;
    -webkit-transition: .4s;
    transition: .4s;
}

.slider:before {
    position: absolute;
    content: "";
    height: 16px;
    width: 16px;
    left: 2px;
    bottom: 2px;
    background-color: white;
    -webkit-transition: .4s;
    transition: .4s;
}

input:checked + .slider {
    background-color: var(--primary-color);
}

input:focus + .slider {
    box-shadow: 0 0 1px var(--primary-color);
}

input:checked + .slider:before {
    -webkit-transform: translateX(20px);
    -ms-transform: translateX(20px);
    transform: translateX(20px);
}

/* Rounded sliders */
.slider.round {
    border-radius: 20px;
}

.slider.round:before {
    border-radius: 50%;
}

/* --- Mobile Adjustments (New Pop-out Menu) --- */
@media (max-width: 768px) {
    h1 { font-size: 2rem; }

    .nav-desktop, .header-buttons {
        display: none;
    }

    .menu-toggle {
        display: block;
    }

    .hamburger {
        width: 25px;
        height: 3px;
        background: var(--dark-color);
        position: relative;
        transition: var(--transition);
    }
    .hamburger::before, .hamburger::after {
        content: '';
        position: absolute;
        width: 25px;
        height: 3px;
        background: var(--dark-color);
        left: 0;
        transition: var(--transition);
    }
    .hamburger::before { top: -8px; }
    .hamburger::after { bottom: -8px; }

    /* Hamburger animation for close button */
    .menu-toggle.active .hamburger {
        background: transparent;
    }
    .menu-toggle.active .hamburger::before {
        top: 0;
        transform: rotate(45deg);
    }
    .menu-toggle.active .hamburger::after {
        top: 0;
        transform: rotate(-45deg);
    }

    /* Overlay */
    .overlay {
        position: fixed;
        inset: 0;
        background: rgba(0,0,0,0.7);
        display: none;
        z-index: 99;
    }
    .overlay.active {
        display: block;
    }

    /* Side Menu */
    .side-menu {
        position: fixed;
        top: 0;
        left: 0; /* Position at the left edge */
        width: 80vw;
        max-width: 320px;
        height: 100%;
        background: var(--light-color);
        transform: translateX(-100%); /* Start fully off-screen to the left */
        transition: transform 0.3s ease;
        z-index: 100;
        padding: 1rem;
        box-shadow: 4px 0 12px rgba(0,0,0,0.2);
        border-radius: 0 var(--border-radius) var(--border-radius) 0;
        flex-direction: column;
        overflow-y: auto; /* Enable vertical scrolling */
        display: flex; /* Show on mobile */
    }

    .side-menu.active {
        transform: translateX(0); /* Slide in */
    }

    .side-menu ul li {
        padding: 0.75rem 0;
        font-size: 17px;
        display: flex;
        align-items: center;
        cursor: pointer;
        color: var(--dark-color);
        transition: var(--transition);
        box-sizing: border-box;
    }

    .side-menu .cta-mobile {
        width: 100%;
        text-align: center;
        margin-top: 5px;
        box-sizing: border-box;
    }

    

    .user-profile {
        text-align: center;
        padding: 1rem;
    }

    .user-profile p {
        margin: 0;
        font-weight: 600;
        color: var(--dark-color);
    }

    .side-menu img {
        max-width: 100%;
        height: auto;
        display: block; /* Remove extra space below image */
    }

    .user-profile-placeholder {
        padding: 0.75rem;
        text-align: center;
        color: #999;
        border-top: 1px solid #eee;
        margin-top: 0.75rem;
    }

    .dark-mode-toggle {
        padding: 0.75rem;
        text-align: center;
        color: #999;
        border-top: 1px solid #eee;
        margin-top: 0.75rem;
    }

    #hero .grid {
        grid-template-columns: 1fr;
        text-align: center;
    }

    .hero-buttons {
        display: flex;
        flex-direction: column;
        gap: 15px;
    }

    .grid-features {
        grid-template-columns: 1fr;
    }

    .footer-content {
        flex-direction: column;
        gap: 20px;
    }
}

/* Dark mode for side menu */
body.dark-mode .side-menu {
    background: var(--dark-mode-card-bg);
    box-shadow: 4px 0 12px rgba(255,255,255,0.2);
}

body.dark-mode .side-menu .close-btn {
    color: var(--dark-mode-text);
}

body.dark-mode .side-menu ul li {
    color: var(--dark-mode-text);
}

body.dark-mode .side-menu ul li:hover {
    background: var(--dark-mode-bg);
}

body.dark-mode .user-profile-placeholder,
body.dark-mode .dark-mode-toggle {
    color: var(--dark-mode-text);
    border-top: 1px solid var(--dark-mode-border);
}


/* --- Shop Interface Styles --- */

/* Main Header */
.main-header {
    background: var(--light-color);
    box-shadow: var(--box-shadow);
    position: sticky;
    top: 0;
    width: 100%;
    z-index: 100;
    padding: 10px 0;
}

.main-header .container {
    display: flex;
    justify-content: space-between;
    align-items: center;
    min-height: 60px; /* Adjusted for responsiveness */
    padding: 10px 20px; /* Add padding for smaller screens */
    flex-wrap: wrap; /* Ensure items wrap on smaller screens */
}

.main-header .logo a {
    font-size: 1.8rem; /* Default font size */
}

@media (max-width: 768px) {
    .main-header .logo a {
        font-size: 1.5rem; /* Smaller font size on mobile */
    }
}

/* Ensure images are responsive by default */
img {
    max-width: 100%;
    height: auto;
    display: block;
}

.main-header .logo a {
    font-size: 1.8rem;
    font-weight: 700;
    color: var(--dark-color);
}

/* Search Bar */
.search-bar-container {
    flex-grow: 1;
    max-width: 500px;
    position: relative;
    margin: 0 20px;
}

.search-input {
    width: 100%;
    padding: 10px 40px 10px 15px;
    border: 1px solid #ddd;
    border-radius: 25px;
    font-family: var(--font-family);
    font-size: 1rem;
    transition: all 0.3s ease;
}

.search-input:focus {
    border-color: var(--primary-color);
    box-shadow: 0 0 0 3px rgba(0, 153, 255, 0.2);
    outline: none;
}

.search-icon {
    position: absolute;
    right: 15px;
    top: 50%;
    transform: translateY(-50%);
    color: #999;
    cursor: pointer;
}

/* Main Navigation */
.main-nav ul {
    display: flex;
    list-style: none;
    align-items: center;
}

.main-nav ul li {
    margin-left: 25px;
    position: relative;
}

.main-nav ul li a {
    color: var(--text-color);
    font-weight: 600;
    transition: var(--transition);
    display: flex;
    align-items: center;
    gap: 5px;
}

.main-nav ul li a:hover {
    color: var(--primary-color);
}

.main-nav ul li a i {
    font-size: 1.1rem;
}

/* Account Dropdown */
.account-menu-toggle {
    cursor: pointer;
}

.account-dropdown {
    display: none;
    position: absolute;
    top: 100%;
    right: 0;
    background: var(--light-color);
    box-shadow: var(--box-shadow);
    border-radius: var(--border-radius);
    min-width: 150px;
    padding: 10px 0;
    z-index: 10;
}

.account-dropdown a {
    display: block;
    padding: 8px 15px;
    color: var(--text-color);
    white-space: nowrap;
}

.account-dropdown a:hover {
    background: var(--secondary-color);
    color: var(--primary-color);
}

.account-menu-toggle:hover .account-dropdown {
    display: block;
}

/* Mobile Nav Icons */
.mobile-nav-icons {
    display: none; /* Hidden on desktop */
    font-size: 1.5rem;
    gap: 20px;
    margin-left: 20px;
}

.mobile-nav-icons i {
    color: var(--dark-color);
    cursor: pointer;
}

/* Mobile Search Overlay */
.mobile-search-overlay {
    position: fixed;
    top: 0;
    left: 0;
    width: 100%;
    height: 100%;
    background: rgba(0, 0, 0, 0.8);
    z-index: 1000;
    display: flex;
    align-items: flex-start;
    justify-content: center;
    padding-top: 20px;
    opacity: 0;
    visibility: hidden;
    transition: opacity 0.3s ease, visibility 0.3s ease;
}

.mobile-search-overlay.active {
    opacity: 1;
    visibility: visible;
}

.mobile-search-container {
    background: var(--light-color);
    width: 90%;
    max-width: 500px;
    border-radius: var(--border-radius);
    padding: 10px;
    display: flex;
    align-items: center;
    box-shadow: var(--box-shadow);
}

.mobile-search-input {
    flex-grow: 1;
    padding: 8px 10px;
    border: none;
    outline: none;
    font-size: 1rem;
    font-family: var(--font-family);
}

.close-search-icon {
    font-size: 1.5rem;
    color: var(--dark-color);
    cursor: pointer;
    margin-left: 10px;
}

/* Dark mode for mobile search */
body.dark-mode .mobile-search-container {
    background: var(--dark-mode-card-bg);
}

body.dark-mode .mobile-search-input {
    background: var(--dark-mode-card-bg);
    color: var(--dark-mode-text);
}

body.dark-mode .close-search-icon {
    color: var(--dark-mode-text);
}

/* Responsive Adjustments for mobile search */
@media (min-width: 993px) {
    .mobile-search-overlay {
        display: none; /* Hide on desktop */
    }
}

/* --- Promotional Banner --- */
#promo-banner {
    background: linear-gradient(to right, var(--primary-color), #0077cc);
    color: var(--light-color);
    padding: 40px 20px;
    text-align: center;
    margin-bottom: 30px;
    border-radius: var(--border-radius);
    box-shadow: var(--box-shadow);
}

#promo-banner h2 {
    color: var(--light-color);
    font-size: 2.5rem;
    margin-bottom: 15px;
}

#promo-banner p {
    font-size: 1.2rem;
    margin-bottom: 25px;
}

#promo-banner .btn {
    background: var(--light-color);
    color: var(--primary-color);
    padding: 12px 30px;
    border-radius: 50px;
    font-weight: 700;
    transition: transform 0.3s ease, box-shadow 0.3s ease;
}

#promo-banner .btn:hover {
    transform: translateY(-3px);
    box-shadow: 0 8px 15px rgba(0, 0, 0, 0.2);
}

/* Dark Mode for Promotional Banner */
body.dark-mode #promo-banner {
    background: linear-gradient(to right, #3a3a3a, #1a1a1a);
}

body.dark-mode #promo-banner h2 {
    color: var(--dark-mode-text);
}

body.dark-mode #promo-banner .btn {
    background: var(--dark-mode-text);
    color: var(--dark-color);
}
.shop-main-content {
    display: flex;
    gap: 30px;
    padding: 30px 20px;
}

.category-sidebar {
    flex: 0 0 250px; /* Fixed width for sidebar */
    background: var(--light-color);
    padding: 20px;
    border-radius: var(--border-radius);
    box-shadow: var(--box-shadow);
    height: fit-content; /* Adjust height to content */
}

.category-sidebar h3 {
    margin-bottom: 20px;
    color: var(--dark-color);
    font-size: 1.4rem;
}

.category-sidebar ul {
    list-style: none;
    margin-bottom: 20px;
}

.category-sidebar ul li {
    margin-bottom: 10px;
}

.category-sidebar ul li a {
    color: var(--text-color);
    font-weight: 500;
    transition: var(--transition);
    display: block;
    padding: 5px 0;
}

.category-sidebar ul li a:hover {
    color: var(--primary-color);
    transform: translateX(5px);
}

.filter-group {
    margin-bottom: 20px;
    padding-top: 15px;
    border-top: 1px solid #eee;
}

.filter-group:first-of-type {
    border-top: none;
    padding-top: 0;
}

.filter-group h4 {
    margin-bottom: 10px;
    color: var(--dark-color);
}

.price-range-display {
    display: flex;
    justify-content: space-between;
    margin-bottom: 10px;
    font-weight: 600;
    color: var(--text-color);
}

.filter-group input[type="range"] {
    width: 100%;
    -webkit-appearance: none; /* Remove default WebKit styles */
    appearance: none;
    height: 8px; /* Height of the track */
    background: #ddd; /* Default track color */
    border-radius: 5px;
    outline: none;
    margin: 10px 0;
}

/* Style for the thumb (handle) */
.filter-group input[type="range"]::-webkit-slider-thumb {
    -webkit-appearance: none;
    appearance: none;
    width: 20px;
    height: 20px;
    background: var(--primary-color);
    border-radius: 50%;
    cursor: pointer;
    transition: background 0.3s ease;
    margin-top: -6px; /* Adjust to center the thumb vertically */
    box-shadow: 0 2px 5px rgba(0, 0, 0, 0.2);
}

.filter-group input[type="range"]::-moz-range-thumb {
    width: 20px;
    height: 20px;
    background: var(--primary-color);
    border-radius: 50%;
    cursor: pointer;
    transition: background 0.3s ease;
    box-shadow: 0 2px 5px rgba(0, 0, 0, 0.2);
}

.filter-group input[type="range"]::-webkit-slider-thumb:hover,
.filter-group input[type="range"]::-moz-range-thumb:hover {
    background: #0077cc;
}

/* Style for the track (fill) */
.filter-group input[type="range"]::-webkit-slider-runnable-track {
    height: 8px;
    background: #ddd;
    border-radius: 5px;
}

.filter-group input[type="range"]::-moz-range-track {
    height: 8px;
    background: #ddd;
    border-radius: 5px;
}

/* Dark mode adjustments for the range slider */
body.dark-mode .price-range-display {
    color: var(--dark-mode-text);
}

body.dark-mode .filter-group input[type="range"] {
    background: var(--dark-mode-border);
}

body.dark-mode .filter-group input[type="range"]::-webkit-slider-thumb,
body.dark-mode .filter-group input[type="range"]::-moz-range-thumb {
    background: var(--primary-color); /* Keep primary color for thumb in dark mode */
}

body.dark-mode .filter-group input[type="range"]::-webkit-slider-runnable-track,
body.dark-mode .filter-group input[type="range"]::-moz-range-track {
    background: var(--dark-mode-border);
}

.filter-group .rating-filter label {
    font-size: 0.9rem;
    color: var(--text-color);
}

.filter-group input[type="checkbox"] {
    margin-right: 5px;
}

/* Sticky Sort Bar */
.sticky-sort-bar {
    position: sticky;
    top: 0; /* Adjust based on header height */
    background: var(--light-color);
    padding: 15px 20px;
    border-bottom: 1px solid #eee;
    display: flex;
    justify-content: space-between;
    align-items: center;
    z-index: 50;
    box-shadow: var(--box-shadow);
}

.sticky-sort-bar select {
    padding: 8px 15px;
    border: 1px solid #ddd;
    border-radius: var(--border-radius);
    font-family: var(--font-family);
    font-size: 0.9rem;
}

.active-filters {
    display: flex;
    flex-wrap: wrap;
    gap: 10px;
}

.filter-chip {
    background: var(--primary-color);
    color: var(--light-color);
    padding: 5px 10px;
    border-radius: 20px;
    font-size: 0.8rem;
    display: flex;
    align-items: center;
}

.filter-chip .remove-filter {
    margin-left: 5px;
    cursor: pointer;
    font-weight: bold;
}

.clear-all-filters {
    color: var(--primary-color);
    cursor: pointer;
    font-weight: 600;
}
    

/* Filter Bar */
.filter-bar {
    display: flex;
    justify-content: flex-end;
    margin-bottom: 20px;
}

.filter-bar select {
    padding: 10px 15px;
    border: 1px solid #ddd;
    border-radius: var(--border-radius);
    font-family: var(--font-family);
    font-size: 1rem;
    color: var(--text-color);
    background-color: var(--light-color);
    cursor: pointer;
}

/* Product Grid */
.product-grid {
    display: grid;
    grid-template-columns: repeat(auto-fit, minmax(250px, 1fr));
    gap: 25px;
}

/* Frequently Bought Slider */
.frequently-bought-slider {
    display: flex;
    overflow-x: auto; /* Enable horizontal scrolling */
    gap: 15px;
    padding-bottom: 10px; /* Space for scrollbar */
    margin-bottom: 40px; /* Add space below the slider */
    -webkit-overflow-scrolling: touch; /* Smooth scrolling on iOS */
    scrollbar-width: none; /* Hide scrollbar for Firefox */
}

.frequently-bought-slider::-webkit-scrollbar {
    display: none; /* Hide scrollbar for Webkit browsers */
}

.frequently-bought-slider .product-card {
    flex: 0 0 45%; /* Two products side-by-side on mobile */
    max-width: 45%;
}

@media (min-width: 769px) {
    .frequently-bought-slider {
        display: grid;
        grid-template-columns: repeat(4, 1fr); /* Show 4 products in a row on laptop */
        overflow-x: visible;
        padding-bottom: 0;
        gap: 25px; /* Match main product grid gap */
    }

    .frequently-bought-slider .product-card {
        flex: none;
        max-width: none;
    }

    .product-listing {
    flex-grow: 1;
    width: 100%;
        margin-top: 40px; /* Add space above section headings */
    }

    .product-grid {
        grid-template-columns: repeat(auto-fit, minmax(280px, 1fr)); /* Adjust min-width for better laptop layout */
    }
}

.product-card {
    background: var(--light-color);
    border-radius: var(--border-radius);
    box-shadow: var(--box-shadow);
    overflow: hidden;
    transition: var(--transition);
    position: relative;
    display: flex;
    flex-direction: column;
}

.product-card:hover {
    transform: translateY(-5px);
    box-shadow: 0 8px 20px rgba(0, 0, 0, 0.15);
}

.product-card img {
    width: 100%;
    height: 200px;
    object-fit: cover;
    display: block;
}

.product-card h4 {
    font-size: 1.2rem;
    margin: 15px 15px 5px 15px;
    color: var(--dark-color);
    height: 2.4em; /* Approx 2 lines of 1.2rem font-size with default line-height */
    overflow: hidden;
    text-overflow: ellipsis;
    display: -webkit-box;
    -webkit-line-clamp: 2; /* Limit to 2 lines */
    line-clamp: 2;
    -webkit-box-orient: vertical;
}

.product-card .product-rating {
    margin: 0 15px 10px 15px;
    color: #ffc107; /* Star color */
    display: flex;
    align-items: center;
}

.product-card .product-rating i {
    margin-right: 2px;
}

.product-card .product-rating span {
    font-size: 0.9rem;
    color: var(--text-color);
    margin-left: 5px;
}

.product-card .wishlist-icon {
    position: absolute;
    top: 15px;
    right: 15px;
    font-size: 1.3rem;
    color: #ccc;
    cursor: pointer;
    transition: color 0.2s ease;
}

.product-card .wishlist-icon.fas {
    color: #ff6b6b; /* Filled heart color */
}

.product-card .product-actions {
    display: flex;
    flex-direction: column;
    gap: 10px;
    padding: 15px;
    background: rgba(255, 255, 255, 0.9);
    position: absolute;
    bottom: 0;
    left: 0;
    width: 100%;
    transform: translateY(100%);
    transition: transform 0.3s ease;
    opacity: 0;
    pointer-events: none;
}

.product-card:hover .product-actions {
    transform: translateY(0);
    opacity: 1;
    pointer-events: all;
}

.product-actions .quick-view-btn,
.product-actions .add-to-cart-btn {
    display: block;
    width: 100%;
    padding: 10px;
    border: none;
    border-radius: 5px;
    font-weight: 600;
    cursor: pointer;
    transition: var(--transition);
}

.product-actions .quick-view-btn {
    background: var(--secondary-color);
    color: var(--dark-color);
}

.product-actions .quick-view-btn:hover {
    background: #e0e0e0;
}

.product-actions .add-to-cart-btn {
    background: var(--primary-color);
    color: var(--light-color);
}

.product-actions .add-to-cart-btn:hover {
    background: #0077cc;
}

/* Pagination */
.pagination {
    display: flex;
    justify-content: center;
    margin-top: 40px;
    gap: 10px;
}

.pagination a {
    display: block;
    padding: 10px 15px;
    border: 1px solid #ddd;
    border-radius: 5px;
    color: var(--text-color);
    transition: var(--transition);
}

.pagination a.active,
.pagination a:hover {
    background: var(--primary-color);
    color: var(--light-color);
    border-color: var(--primary-color);
}

/* Bottom Tab Bar (Mobile) */
.bottom-tab-bar {
    display: none; /* Hidden on desktop */
    position: fixed;
    bottom: 0;
    left: 0;
    width: 100%;
    background: var(--light-color);
    box-shadow: 0 -2px 10px rgba(0, 0, 0, 0.1);
    z-index: 90;
    justify-content: space-around;
    padding: 10px 0;
}

.bottom-tab-bar .tab-item {
    display: flex;
    flex-direction: column;
    align-items: center;
    color: var(--text-color);
    font-size: 0.8rem;
    font-weight: 500;
    padding: 5px;
    border-radius: 5px;
    transition: var(--transition);
    min-width: 60px; /* Ensure touch target */
    min-height: 48px; /* Ensure touch target */
    justify-content: center;
}

.bottom-tab-bar .tab-item i {
    font-size: 1.4rem;
    margin-bottom: 3px;
}

.bottom-tab-bar .tab-item.active,
.bottom-tab-bar .tab-item:hover {
    color: var(--primary-color);
}

/* Dark Mode Adjustments for Shop Interface */
body.dark-mode .main-header {
    background: var(--dark-mode-bg);
    box-shadow: 0 4px 15px rgba(255, 255, 255, 0.1);
}

body.dark-mode .main-header .logo a,
body.dark-mode .main-nav ul li a,
body.dark-mode .mobile-nav-icons i {
    color: var(--dark-mode-text);
}

body.dark-mode .search-input {
    background: var(--dark-mode-card-bg);
    border-color: var(--dark-mode-border);
    color: var(--dark-mode-text);
}

body.dark-mode .search-icon {
    color: #bbb;
}

body.dark-mode .account-dropdown {
    background: var(--dark-mode-card-bg);
    box-shadow: 0 4px 15px rgba(255, 255, 255, 0.1);
}

body.dark-mode .account-dropdown a {
    color: var(--dark-mode-text);
}

body.dark-mode .account-dropdown a:hover {
    background: #3a3a3a;
}

body.dark-mode .shop-main-content .category-sidebar {
    background: var(--dark-mode-card-bg);
    box-shadow: 0 4px 15px rgba(255, 255, 255, 0.1);
}

body.dark-mode .category-sidebar h3,
body.dark-mode .category-sidebar ul li a {
    color: var(--dark-mode-text);
}

body.dark-mode .filter-bar select {
    background: var(--dark-mode-card-bg);
    border-color: var(--dark-mode-border);
    color: var(--dark-mode-text);
}

body.dark-mode .product-card {
    background: var(--dark-mode-card-bg);
    box-shadow: 0 4px 15px rgba(255, 255, 255, 0.1);
}

body.dark-mode .product-card h4,
body.dark-mode .product-card .product-price {
    color: var(--dark-mode-text);
}

body.dark-mode .product-card .product-actions {
    background: rgba(44, 44, 44, 0.9);
}

body.dark-mode .product-actions .quick-view-btn {
    background: #555;
    color: var(--dark-mode-text);
}

body.dark-mode .product-actions .quick-view-btn:hover {
    background: #666;
}

body.dark-mode .pagination a {
    background: var(--dark-mode-card-bg);
    border-color: var(--dark-mode-border);
    color: var(--dark-mode-text);
}

body.dark-mode .bottom-tab-bar {
    background: var(--dark-mode-bg);
    box-shadow: 0 -2px 10px rgba(255, 255, 255, 0.1);
}

body.dark-mode .bottom-tab-bar .tab-item {
    color: var(--dark-mode-text);
}

/* Responsive Adjustments */
@media (max-width: 992px) {
    .main-header .search-bar-container {
        display: none;
    }

    .main-header .main-nav {
        display: none; /* Hide desktop nav */
    }

    .mobile-nav-icons {
        display: flex; /* Show mobile icons */
    }

    .shop-main-content {
        flex-direction: column;
        padding-top: 15px; /* Adjust padding for mobile filter bar */
    }

    .category-sidebar {
        position: fixed;
        top: 0;
        left: 0;
        width: 80%;
        max-width: 300px;
        height: 100%;
        background: var(--light-color);
        z-index: 1000;
        transform: translateX(-100%);
        transition: transform 0.3s ease-in-out;
        box-shadow: 4px 0 15px rgba(0, 0, 0, 0.1);
        padding: 20px;
        overflow-y: auto;
    }

    .category-sidebar.active {
        transform: translateX(0);
    }

    .category-sidebar .sidebar-header {
        display: flex;
        justify-content: space-between;
        align-items: center;
        margin-bottom: 20px;
    }

    .category-sidebar .sidebar-header h3 {
        margin-bottom: 0;
    }

    .close-sidebar-btn {
        background: none;
        border: none;
        font-size: 1.5rem;
        color: var(--dark-color);
        cursor: pointer;
    }

    .category-overlay {
        display: none;
        position: fixed;
        top: 0;
        left: 0;
        width: 100%;
        height: 100%;
        background: rgba(0, 0, 0, 0.5);
        z-index: 999;
    }

    .category-overlay.active {
        display: block;
    }

    .filter-bar {
        display: none; /* Hide desktop filter bar */
    }

    .mobile-filter-sort-bar {
        display: flex;
        justify-content: space-between;
        align-items: center;
        padding: 10px 20px;
        background: var(--light-color);
        border-bottom: 1px solid #eee;
        position: sticky;
        top: 60px; /* Below main header */
        z-index: 50;
    }

    .mobile-filter-sort-bar .btn-filter-category {
        background: var(--secondary-color);
        color: var(--dark-color);
        border: none;
        padding: 8px 15px;
        border-radius: 5px;
        font-weight: 600;
        cursor: pointer;
    }

    .mobile-filter-sort-bar .sort-by {
        padding: 8px 15px;
        border: 1px solid #ddd;
        border-radius: 5px;
        font-family: var(--font-family);
        font-size: 0.9rem;
    }

    .product-grid {
        grid-template-columns: repeat(auto-fit, minmax(160px, 1fr)); /* 2 columns on mobile */
        gap: 15px;
    }

    .product-card img {
        height: 150px;
    }

    .product-card h4 {
        font-size: 1rem;
        margin: 10px 10px 5px 10px;
    }

    .product-card .product-price {
        font-size: 0.9rem;
        margin: 0 10px 5px 10px;
    }

    .product-card .product-rating {
        margin: 0 10px 5px 10px;
    }

    .product-card .wishlist-icon {
        font-size: 1.1rem;
        top: 10px;
        right: 10px;
    }

    .product-card .product-actions {
        padding: 10px;
        gap: 5px;
    }

    .product-actions .quick-view-btn,
.product-actions .add-to-cart-btn {
    display: block;
    width: 100%;
    padding: 8px;
    font-size: 0.9rem;
}

    .bottom-tab-bar {
        display: flex; /* Show bottom tab bar */
    }

    .pagination {
        margin-bottom: 70px; /* Make space for bottom bar */
    }

    .category-sidebar {
        position: fixed;
        top: 0;
        left: 0;
        width: 80%;
        max-width: 300px;
        height: 100%;
        background: var(--light-color);
        z-index: 1000;
        transform: translateX(-100%);
        transition: transform 0.3s ease-in-out;
        box-shadow: 4px 0 15px rgba(0, 0, 0, 0.1);
        padding: 20px;
        overflow-y: auto;
    }

    .category-sidebar.active {
        transform: translateX(0);
    }

    .category-sidebar .sidebar-header {
        display: flex;
        justify-content: space-between;
        align-items: center;
        margin-bottom: 20px;
    }

    .category-sidebar .sidebar-header h3 {
        margin-bottom: 0;
    }

    .close-sidebar-btn {
        background: none;
        border: none;
        font-size: 1.5rem;
        color: var(--dark-color);
        cursor: pointer;
    }

    .category-overlay {
        display: none;
        position: fixed;
        top: 0;
        left: 0;
        width: 100%;
        height: 100%;
        background: rgba(0, 0, 0, 0.5);
        z-index: 999;
    }

    .category-overlay.active {
        display: block;
    }

    .filter-bar {
        display: none; /* Hide desktop filter bar */
    }

    .mobile-filter-sort-bar {
        display: flex;
        justify-content: space-between;
        align-items: center;
        padding: 10px 20px;
        background: var(--light-color);
        border-bottom: 1px solid #eee;
        position: sticky;
        top: 60px; /* Below main header */
        z-index: 50;
    }

    .mobile-filter-sort-bar .btn-filter-category {
        background: var(--secondary-color);
        color: var(--dark-color);
        border: none;
        padding: 8px 15px;
        border-radius: 5px;
        font-weight: 600;
        cursor: pointer;
    }

    .mobile-filter-sort-bar .sort-by {
        padding: 8px 15px;
        border: 1px solid #ddd;
        border-radius: 5px;
        font-family: var(--font-family);
        font-size: 0.9rem;
    }
}

@media (max-width: 480px) {
    .main-header .logo a {
        font-size: 1.3rem; /* Even smaller logo on very small screens */
    }

    .main-header .container {
        padding: 10px; /* Reduce header padding */
    }

    .search-bar-container {
        margin: 0; /* Remove horizontal margin */
        order: 3; /* Ensure it's still below other elements */
        flex-basis: 100%; /* Take full width */
        margin-top: 10px; /* Add some top margin */
    }

    .search-input {
        padding: 8px 35px 8px 10px; /* Adjust search input padding */
        font-size: 0.9rem;
    }

    .search-icon {
        right: 10px;
    }

    .mobile-nav-icons {
        gap: 15px; /* Reduce gap between mobile icons */
    }

    .shop-main-content {
        padding: 10px; /* Reduce main content padding */
    }

    .category-sidebar {
        padding: 10px; /* Reduce sidebar padding */
        max-width: 280px; /* Slightly smaller max-width for sidebar */
    }

    .product-grid {
        grid-template-columns: 1fr; /* Single column on very small screens */
        gap: 10px; /* Reduce gap between product cards */
    }

    .product-card h4 {
        font-size: 0.9rem;
        margin: 8px 8px 4px 8px;
    }

    .product-card .product-price {
        font-size: 0.8rem;
        margin: 0 8px 8px 8px;
    }

    .product-card .product-rating {
        margin: 0 8px 8px 8px;
    }

    .product-card .wishlist-icon {
        font-size: 1rem;
        top: 8px;
        right: 8px;
    }

    .product-actions .quick-view-btn,
.product-actions .add-to-cart-btn {
    padding: 6px;
    font-size: 0.8rem;
}

    .pagination a {
        padding: 8px 12px;
        font-size: 0.9rem;
    }

    .bottom-tab-bar .tab-item {
        font-size: 0.7rem;
        min-width: 50px;
        min-height: 40px;
    }

    .bottom-tab-bar .tab-item i {
        font-size: 1.2rem;
    }
}

        
/* These styles were previously commented out or part of the general product styles */
/* They are now explicitly part of the shop interface styling */

/* No specific #products-listing needed as shop-main-content handles it */

.product-controls {
    display: flex;
    justify-content: center;
    gap: 20px;
    margin-bottom: 40px;
    flex-wrap: wrap;
}

#product-search, #product-filter {
    padding: 10px 15px;
    border: 1px solid #ddd;
    border-radius: var(--border-radius);
    font-family: var(--font-family);
    font-size: 1rem;
    width: 100%;
    max-width: 300px;
}

/* Product Grid and Card styles are already defined above in the Shop Interface Styles section */
/* Re-defining them here would be redundant or cause conflicts */

/* Dark mode for product page - ensure these are correctly applied */
body.dark-mode #products-listing #product-search,
body.dark-mode #products-listing #product-filter {
    background: var(--dark-mode-card-bg);
    border-color: var(--dark-mode-border);
    color: var(--dark-mode-text);
}

body.dark-mode .product-card {
    background: var(--dark-mode-card-bg);
    box-shadow: 0 4px 15px rgba(255, 255, 255, 0.1);
}

body.dark-mode .product-info h3 {
    color: var(--dark-mode-text);
}

@media (max-width: 992px) {
    .product-controls {
        flex-direction: column;
        align-items: center;
    }

    #product-search {
        display: none;
    }

    #product-filter {
        max-width: 100%;
    }
}
